MPASM  5.50                           N64.ASM   9-17-2013  18:43:28         PAGE  1


LOC  OBJECT CODE     LINE SOURCE TEXT
  VALUE

                      00001 #include <P18F14K50.INC>
                      00001         LIST
                      00002 
                      00003 ;==========================================================================
                      00004 ;  MPASM PIC18F14K50 processor include
                      00005 ; 
                      00006 ;  (c) Copyright 1999-2013 Microchip Technology, All rights reserved
                      00007 ;==========================================================================
                      00008 
                      01519         LIST
                      00002 
Warning[205]: Found directive in column 1. (EXTERN)
  0000                00003 EXTERN controller_data
Warning[205]: Found directive in column 1. (EXTERN)
  0000                00004 EXTERN controller_data_error
                      00005 
Warning[205]: Found directive in column 1. (cblock)
Message[313]: CBLOCK constants will start with a value of 0.
                      00006 cblock
  00000000            00007     d1
  00000001            00008     d2
  00000002            00009     d3
  00000003            00010     d4
  00000004            00011         countLow
  00000005            00012         countHigh
Warning[205]: Found directive in column 1. (ENDC)
                      00013 endc
                      00014 
Warning[205]: Found directive in column 1. (CODE)
                      00015 CODE
                      00016 
000000                00017 PollController              ; Send the polling signal (0b000000011)
000000 6A7E           00018     clrf ANSEL
                      00019         
                      00020         ; Part 1 - Read the N64 controller and store the status values
000002 0E22           00021     movlw 0x22              ; 0x21 = 33 bits
000004 6E03           00022     movwf d4                ; contains the number of buttons
                      00023 
                      00024     ;movlw controller_data              ; set up the array adress
                      00025     ;movwf FSR0L
                      00026         ;movlw INDF0
                      00027         ;movwf FSR0L
000006 EE?? F0??      00028         LFSR 0,controller_data
                      00029 
00000A 0E07           00030     movlw 0x07              ; number of zeros that need to be sent
00000C 6E01           00031     movwf d2
                      00032 
00000E 0E02           00033     movlw 0x02              ; number of ones that need to be sent
000010 6E02           00034     movwf d3
                      00035 
000012 0EFF           00036         movlw 0xFF
000014 6E04           00037         movwf countLow
000016 6E05           00038         movwf countHigh
MPASM  5.50                           N64.ASM   9-17-2013  18:43:28         PAGE  2


LOC  OBJECT CODE     LINE SOURCE TEXT
  VALUE

                      00039 
Warning[207]: Found label after column 1. (zero)
000018                00040     zero
                      00041         ;movlw 0x00
                      00042         ;movwf LATB
000018 948B           00043                 bcf LATC, 2
00001A 9494           00044         bcf TRISC, 2
                      00045 
00001C 0E0B           00046         movlw 0x0B
00001E 6E00           00047         movwf d1
Warning[207]: Found label after column 1. (zeroloop)
000020                00048         zeroloop            ; 9 instruction cycles
000020 2E00           00049             decfsz d1
000022 EF?? F???      00050             goto zeroloop
                      00051 
                      00052         ;movlw 0x80
                      00053         ;movwf LATB
000026 8494           00054         bsf TRISC, 2
000028 0000           00055                 nop
00002A 0000           00056                 nop
00002C 0000           00057                 nop
00002E 0000           00058                 nop
000030 0000           00059                 nop
000032 0000           00060                 nop
000034 0000           00061                 nop
000036 2E01           00062         decfsz d2
000038 EF?? F???      00063         goto zero
                      00064 
Warning[207]: Found label after column 1. (one)
00003C                00065     one
                      00066         ;movlw 0x00
                      00067         ;movwf LATB
00003C 948B           00068                 bcf LATC, 2
00003E 9494           00069         bcf TRISC, 2
                      00070 
000040 0000           00071         nop
000042 0000           00072         nop
000044 0000           00073         nop
                      00074 
000046 0000           00075         nop
000048 0000           00076         nop
00004A 0000           00077         nop
00004C 0000           00078         nop
00004E 0000           00079         nop
000050 0000           00080         nop
000052 0000           00081         nop
000054 0000           00082         nop             
                      00083         ;movlw 0x80
                      00084         ;movwf LATB
000056 8494           00085         bsf TRISC, 2
000058 0000           00086                 nop
00005A 0E07           00087         movlw 0x07
00005C 6E00           00088         movwf d1
MPASM  5.50                           N64.ASM   9-17-2013  18:43:28         PAGE  3


LOC  OBJECT CODE     LINE SOURCE TEXT
  VALUE

Warning[207]: Found label after column 1. (oneloop)
00005E                00089         oneloop             ; 8 instruction cycles
00005E 0000           00090             nop
000060 2E00           00091             decfsz d1
000062 EF?? F???      00092             goto oneloop
000066 2E02           00093         decfsz d3
000068 EF?? F???      00094         goto one
                      00095 
                      00096         ;read the response
00006C 8494           00097     bsf TRISC, 2            ; RB7 as input  (is also last instruction of poll)  
                      00098 
                      00099         ;;;;;
                      00100         ;countLow and countHigh set before polling starts
                      00101 
                      00102         ;wait for line to go low
Warning[207]: Found label after column 1. (waitLowLoop)
00006E                00103         waitLowLoop
00006E 4E04           00104                 dcfsnz countLow
000070 EF?? F???      00105                         goto discardData
000074 B482           00106                 btfsc PORTC, 2      ; continue if low
000076 EF?? F???      00107                 goto waitLowLoop
                      00108 
00007A 0EFF           00109         movlw 0xFF
00007C 6E04           00110         movwf countLow
                      00111 
Warning[207]: Found label after column 1. (readLoop)
00007E                00112     readLoop                ; read all 33 bits and store them on locations 0x20 etc.
                      00113 
Warning[207]: Found label after column 1. (waitHigh)
00007E                00114                 waitHigh
00007E 4E04           00115                         dcfsnz countLow
000080 EF?? F???      00116                                 goto discardData
000084 A482           00117                         btfss PORTC, 2      ; continue if low
000086 EF?? F???      00118                         goto waitHigh
                      00119 ;
Warning[207]: Found label after column 1. (waitLow)
00008A                00120                 waitLow
00008A 4E05           00121                         dcfsnz countHigh
00008C EF?? F???      00122                                 goto nextBit
000090 B482           00123                         btfsc PORTC, 2      ; continue if low
000092 EF?? F???      00124                         goto waitLow
                      00125 
Warning[207]: Found label after column 1. (nextBit)
000096                00126                 nextBit
                      00127 
000096 5004           00128                   movf countLow, W
                      00129                   ;addlw 0xFF           ; eg if RAMx <= 5 ... addlw d'250'
000098 5C05           00130                   subwf countHigh, W
00009A 0EFF           00131                         movlw 0xFF
00009C B0D8           00132                   btfsc STATUS, C
                      00133 
00009E 0E00           00134                 movlw 0x00
0000A0 6EEF           00135         movwf INDF0         ; Wait & store the value of the bit in the array
MPASM  5.50                           N64.ASM   9-17-2013  18:43:28         PAGE  4


LOC  OBJECT CODE     LINE SOURCE TEXT
  VALUE

0000A2 2AE9           00136         incf FSR0L          ; Go to next adress in the array
                      00137 
0000A4 0EFF           00138                 movlw 0xFF
0000A6 6E04           00139         movwf countLow
0000A8 6E05           00140                 movwf countHigh
                      00141 
0000AA 2E03           00142         decfsz d4           ; end loop if all 33 bits are read
0000AC EF?? F???      00143     goto readLoop
                      00144 
                      00145         ;indicate no data error
0000B0 EE?? F0??      00146         LFSR 0,controller_data_error
0000B4 0E00           00147         movlw 0x00
0000B6 6EEF           00148     movwf INDF0         ; Wait & store the value of the bit in the array
                      00149 
Warning[203]: Found opcode in column 1. (return)
0000B8 0012           00150 return
                      00151 
0000BA                00152 discardData
0000BA EE?? F0??      00153         LFSR 0,controller_data_error
0000BE 0EFF           00154         movlw 0xFF
0000C0 6EEF           00155     movwf INDF0         ; Wait & store the value of the bit in the array
Warning[203]: Found opcode in column 1. (return)
0000C2 0012           00156 return
                      00157         
                      00158 
0000C4 0E5F           00159 delay   movlw   0x5f        ; +- 1500 uS = 1.5 ms
0000C6 6E00           00160         movwf   d1
0000C8 0E60           00161 outer   movlw   0x60
0000CA 6E01           00162         movwf   d2
0000CC 0000           00163 inner   nop
0000CE 0000           00164         nop
0000D0 2E01           00165         decfsz  d2
0000D2 EF?? F???      00166         goto    inner       ; Inner loop = 5 cycles = 1uS
0000D6 2E00           00167         decfsz  d1
0000D8 EF?? F???      00168         goto    outer       ; outer loop = inner + 4 cycles
Warning[203]: Found opcode in column 1. (return)
0000DC 0012           00169 return
                      00170 
Warning[205]: Found directive in column 1. (GLOBAL)
  0000                00171 GLOBAL PollController
Warning[205]: Found directive in column 1. (end)
                      00172 end
MPASM  5.50                           N64.ASM   9-17-2013  18:43:28         PAGE  5


SYMBOL TABLE
  LABEL                             VALUE 

A                                 00000000
ABDEN                             00000000
ABDOVF                            00000007
ACCESS                            00000000
ACKDT                             00000005
ACKEN                             00000004
ACKSTAT                           00000006
ACQT0                             00000003
ACQT1                             00000004
ACQT2                             00000005
ACTVIE                            00000002
ACTVIF                            00000002
ADCON0                            00000FC2
ADCON1                            00000FC1
ADCON2                            00000FC0
ADCS0                             00000000
ADCS1                             00000001
ADCS2                             00000002
ADDEN                             00000003
ADDR0                             00000000
ADDR1                             00000001
ADDR2                             00000002
ADDR3                             00000003
ADDR4                             00000004
ADDR5                             00000005
ADDR6                             00000006
ADEN                              00000003
ADFM                              00000007
ADIE                              00000006
ADIF                              00000006
ADIP                              00000006
ADON                              00000000
ADRES                             00000FC3
ADRESH                            00000FC4
ADRESL                            00000FC3
AN10                              00000004
AN11                              00000005
AN3                               00000004
AN4                               00000000
AN5                               00000001
AN6                               00000002
AN7                               00000003
AN8                               00000006
AN9                               00000007
ANS10                             00000002
ANS11                             00000003
ANS3                              00000003
ANS4                              00000004
ANS5                              00000005
ANS6                              00000006
ANS7                              00000007
ANS8                              00000000
ANS9                              00000001
MPASM  5.50                           N64.ASM   9-17-2013  18:43:28         PAGE  6


SYMBOL TABLE
  LABEL                             VALUE 

ANSEL                             00000F7E
ANSELH                            00000F7F
BANKED                            00000001
BAUDCON                           00000FB8
BAUDCTL                           00000FB8
BCLIE                             00000003
BCLIF                             00000003
BCLIP                             00000003
BF                                00000000
BOR                               00000000
BRG16                             00000003
BRGH                              00000002
BSR                               00000FE0
BTOEE                             00000004
BTOEF                             00000004
BTSEE                             00000007
BTSEF                             00000007
C                                 00000000
C12IN1M                           00000001
C12IN2M                           00000002
C12IN3M                           00000003
C12INP                            00000000
C12OUT                            00000004
C1CH0                             00000000
C1CH1                             00000001
C1HYS                             00000003
C1IE                              00000006
C1IF                              00000006
C1IP                              00000006
C1OE                              00000005
C1ON                              00000007
C1OUT                             00000006
C1POL                             00000004
C1R                               00000002
C1RSEL                            00000005
C1SP                              00000003
C1SYNC                            00000001
C2CH0                             00000000
C2CH1                             00000001
C2HYS                             00000002
C2IE                              00000005
C2IF                              00000005
C2IP                              00000005
C2OE                              00000005
C2ON                              00000007
C2OUT                             00000006
C2POL                             00000004
C2R                               00000002
C2RSEL                            00000004
C2SP                              00000003
C2SYNC                            00000000
CCP1                              00000005
CCP1CON                           00000FBD
MPASM  5.50                           N64.ASM   9-17-2013  18:43:28         PAGE  7


SYMBOL TABLE
  LABEL                             VALUE 

CCP1IE                            00000002
CCP1IF                            00000002
CCP1IP                            00000002
CCP1M0                            00000000
CCP1M1                            00000001
CCP1M2                            00000002
CCP1M3                            00000003
CCPR1                             00000FBE
CCPR1H                            00000FBF
CCPR1L                            00000FBE
CFGS                              00000006
CHS0                              00000002
CHS1                              00000003
CHS2                              00000004
CHS3                              00000005
CK                                00000007
CKE                               00000006
CKP                               00000004
CKTXP                             00000004
CLKIN                             00000005
CLKOUT                            00000004
CM1CON0                           00000F6D
CM2CON0                           00000F6B
CM2CON1                           00000F6C
CRC16EE                           00000002
CRC16EF                           00000002
CRC5EE                            00000001
CRC5EF                            00000001
CREN                              00000004
CSRC                              00000007
CVREF                             00000002
D                                 00000005
D1EN                              00000007
D1LPS                             00000006
D1NSS                             00000000
D1PSS0                            00000002
D1PSS1                            00000003
DAC1OE                            00000005
DAC1R0                            00000000
DAC1R1                            00000001
DAC1R2                            00000002
DAC1R3                            00000003
DAC1R4                            00000004
DC                                00000001
DC1B0                             00000004
DC1B1                             00000005
DDRA                              TRISA
DDRB                              TRISB
DDRC                              TRISC
DDRD                              TRISD
DDRE                              TRISE
DFN8EE                            00000003
DFN8EF                            00000003
MPASM  5.50                           N64.ASM   9-17-2013  18:43:28         PAGE  8


SYMBOL TABLE
  LABEL                             VALUE 

DIR                               00000002
DONE                              00000001
DTRXP                             00000005
D_A                               00000005
D_NOT_A                           00000005
ECCP1AS                           00000FB6
ECCPAS0                           00000004
ECCPAS1                           00000005
ECCPAS2                           00000006
ECCPASE                           00000007
EEADR                             00000FA9
EEADR0                            00000000
EEADR1                            00000001
EEADR2                            00000002
EEADR3                            00000003
EEADR4                            00000004
EEADR5                            00000005
EEADR6                            00000006
EEADR7                            00000007
EECON1                            00000FA6
EECON2                            00000FA7
EEDATA                            00000FA8
EEIE                              00000004
EEIF                              00000004
EEIP                              00000004
EEPGD                             00000007
ENDP0                             00000003
ENDP1                             00000004
ENDP2                             00000005
ENDP3                             00000006
EPCONDIS                          00000003
EPHSHK                            00000004
EPINEN                            00000001
EPOUTEN                           00000002
EPSTALL                           00000000
FAST                              00000001
FERR                              00000002
FREE                              00000004
FRM0                              00000000
FRM1                              00000001
FRM10                             00000002
FRM2                              00000002
FRM3                              00000003
FRM4                              00000004
FRM5                              00000005
FRM6                              00000006
FRM7                              00000007
FRM8                              00000000
FRM9                              00000001
FSEN                              00000002
FSR0                              00000000
FSR0H                             00000FEA
FSR0L                             00000FE9
MPASM  5.50                           N64.ASM   9-17-2013  18:43:28         PAGE  9


SYMBOL TABLE
  LABEL                             VALUE 

FSR1                              00000001
FSR1H                             00000FE2
FSR1L                             00000FE1
FSR2                              00000002
FSR2H                             00000FDA
FSR2L                             00000FD9
FVR1EN                            00000007
FVR1S0                            00000004
FVR1S1                            00000005
FVR1ST                            00000006
GCEN                              00000007
GIE                               00000007
GIEH                              00000007
GIEL                              00000006
GIE_GIEH                          00000007
GO                                00000001
GO_DONE                           00000001
GO_NOT_DONE                       00000001
HFIOFL                            00000001
IDLEIE                            00000004
IDLEIF                            00000004
IDLEN                             00000007
INDF0                             00000FEF
INDF1                             00000FE7
INDF2                             00000FDF
INT0                              00000000
INT0E                             00000004
INT0F                             00000001
INT0IE                            00000004
INT0IF                            00000001
INT1                              00000001
INT1E                             00000003
INT1F                             00000000
INT1IE                            00000003
INT1IF                            00000000
INT1IP                            00000006
INT1P                             00000006
INT2                              00000002
INT2E                             00000004
INT2F                             00000001
INT2IE                            00000004
INT2IF                            00000001
INT2IP                            00000007
INT2P                             00000007
INTCON                            00000FF2
INTCON2                           00000FF1
INTCON3                           00000FF0
INTEDG0                           00000006
INTEDG1                           00000005
INTEDG2                           00000004
INTSRC                            00000007
IOCA                              00000F79
IOCA0                             00000000
MPASM  5.50                           N64.ASM   9-17-2013  18:43:28         PAGE 10


SYMBOL TABLE
  LABEL                             VALUE 

IOCA1                             00000001
IOCA3                             00000003
IOCA4                             00000004
IOCA5                             00000005
IOCB                              00000F7A
IOCB4                             00000004
IOCB5                             00000005
IOCB6                             00000006
IOCB7                             00000007
IOFS                              00000002
IPEN                              00000007
IPR1                              00000F9F
IPR2                              00000FA2
IRCF0                             00000004
IRCF1                             00000005
IRCF2                             00000006
LATA                              00000F89
LATA4                             00000004
LATA5                             00000005
LATB                              00000F8A
LATB4                             00000004
LATB5                             00000005
LATB6                             00000006
LATB7                             00000007
LATC                              00000F8B
LATC0                             00000000
LATC1                             00000001
LATC2                             00000002
LATC3                             00000003
LATC4                             00000004
LATC5                             00000005
LATC6                             00000006
LATC7                             00000007
LFIOFS                            00000000
MC1OUT                            00000007
MC2OUT                            00000006
MSK0                              00000000
MSK1                              00000001
MSK2                              00000002
MSK3                              00000003
MSK4                              00000004
MSK5                              00000005
MSK6                              00000006
MSK7                              00000007
N                                 00000004
NOT_A                             00000005
NOT_ADDRESS                       00000005
NOT_BOR                           00000000
NOT_DONE                          00000001
NOT_PD                            00000002
NOT_POR                           00000001
NOT_RABPU                         00000007
NOT_RI                            00000004
MPASM  5.50                           N64.ASM   9-17-2013  18:43:28         PAGE 11


SYMBOL TABLE
  LABEL                             VALUE 

NOT_SS                            00000006
NOT_T1SYNC                        00000002
NOT_T3SYNC                        00000002
NOT_TO                            00000003
NOT_W                             00000002
NOT_WRITE                         00000002
NVCFG0                            00000000
NVCFG1                            00000001
OERR                              00000001
OSC1                              00000005
OSC2                              00000004
OSCCON                            00000FD3
OSCCON2                           00000FD2
OSCFIE                            00000007
OSCFIF                            00000007
OSCFIP                            00000007
OSCTUNE                           00000F9B
OSTS                              00000003
OV                                00000003
P                                 00000004
P1A                               00000005
P1B                               00000004
P1C                               00000003
P1D                               00000002
P1M0                              00000006
P1M1                              00000007
PC                                00000FF9
PCL                               00000FF9
PCLATH                            00000FFA
PCLATU                            00000FFB
PD                                00000002
PDC0                              00000000
PDC1                              00000001
PDC2                              00000002
PDC3                              00000003
PDC4                              00000004
PDC5                              00000005
PDC6                              00000006
PEIE                              00000006
PEIE_GIEL                         00000006
PEN                               00000002
PGM                               00000003
PIDEE                             00000000
PIDEF                             00000000
PIE1                              00000F9D
PIE2                              00000FA0
PIR1                              00000F9E
PIR2                              00000FA1
PKTDIS                            00000004
PLUSW0                            00000FEB
PLUSW1                            00000FE3
PLUSW2                            00000FDB
POR                               00000001
MPASM  5.50                           N64.ASM   9-17-2013  18:43:28         PAGE 12


SYMBOL TABLE
  LABEL                             VALUE 

PORTA                             00000F80
PORTB                             00000F81
PORTC                             00000F82
POSTDEC0                          00000FED
POSTDEC1                          00000FE5
POSTDEC2                          00000FDD
POSTINC0                          00000FEE
POSTINC1                          00000FE6
POSTINC2                          00000FDE
PPB0                              00000000
PPB1                              00000001
PPBI                              00000001
PPBRST                            00000006
PR2                               00000FCB
PREINC0                           00000FEC
PREINC1                           00000FE4
PREINC2                           00000FDC
PRI_SD                            00000002
PROD                              00000FF3
PRODH                             00000FF4
PRODL                             00000FF3
PRSEN                             00000007
PSA                               00000003
PSSAC0                            00000002
PSSAC1                            00000003
PSSBD0                            00000000
PSSBD1                            00000001
PSTRCON                           00000FB9
PVCFG0                            00000002
PVCFG1                            00000003
PWM1CON                           00000FB7
PollController                    00000000
R                                 00000002
RA0                               00000000
RA1                               00000001
RA3                               00000003
RA4                               00000004
RA5                               00000005
RABIE                             00000003
RABIF                             00000000
RABIP                             00000000
RABPU                             00000007
RB4                               00000004
RB5                               00000005
RB6                               00000006
RB7                               00000007
RC0                               00000000
RC1                               00000001
RC2                               00000002
RC3                               00000003
RC4                               00000004
RC5                               00000005
RC6                               00000006
MPASM  5.50                           N64.ASM   9-17-2013  18:43:28         PAGE 13


SYMBOL TABLE
  LABEL                             VALUE 

RC7                               00000007
RCEN                              00000003
RCIDL                             00000006
RCIE                              00000005
RCIF                              00000005
RCIP                              00000005
RCON                              00000FD0
RCREG                             00000FAE
RCSTA                             00000FAB
RD                                00000000
RD16                              00000007
REFCON0                           00000FBA
REFCON1                           00000FBB
REFCON2                           00000FBC
RESUME                            00000002
RI                                00000004
RSEN                              00000001
RX                                00000005
RX9                               00000006
RX9D                              00000000
R_NOT_W                           00000002
R_W                               00000002
S                                 00000003
SBOREN                            00000006
SCK                               00000006
SCKP                              00000004
SCL                               00000006
SCS0                              00000000
SCS1                              00000001
SDA                               00000004
SDI                               00000004
SDO                               00000007
SE0                               00000005
SEN                               00000000
SENDB                             00000003
SLRA                              00000000
SLRB                              00000001
SLRC                              00000002
SLRCON                            00000F76
SMP                               00000007
SOFIE                             00000006
SOFIF                             00000006
SP0                               00000000
SP1                               00000001
SP2                               00000002
SP3                               00000003
SP4                               00000004
SPBRG                             00000FAF
SPBRGH                            00000FB0
SPEN                              00000007
SPLLEN                            00000006
SRCLK0                            00000004
SRCLK1                            00000005
MPASM  5.50                           N64.ASM   9-17-2013  18:43:28         PAGE 14


SYMBOL TABLE
  LABEL                             VALUE 

SRCLK2                            00000006
SRCON0                            00000F68
SRCON1                            00000F69
SREN                              00000005
SRLEN                             00000007
SRNQEN                            00000002
SRPR                              00000000
SRPS                              00000001
SRQ                               00000004
SRQEN                             00000003
SRRC1E                            00000000
SRRC2E                            00000001
SRRCKE                            00000002
SRRPE                             00000003
SRSC1E                            00000004
SRSC2E                            00000005
SRSCKE                            00000006
SRSPE                             00000007
SS                                00000006
SSPADD                            00000FC8
SSPBUF                            00000FC9
SSPCON1                           00000FC6
SSPCON2                           00000FC5
SSPEN                             00000005
SSPIE                             00000003
SSPIF                             00000003
SSPIP                             00000003
SSPM0                             00000000
SSPM1                             00000001
SSPM2                             00000002
SSPM3                             00000003
SSPMSK                            00000F6F
SSPOV                             00000006
SSPSTAT                           00000FC7
STALLIE                           00000005
STALLIF                           00000005
STATUS                            00000FD8
STKFUL                            00000007
STKOVF                            00000007
STKPTR                            00000FFC
STKUNF                            00000006
STRA                              00000000
STRB                              00000001
STRC                              00000002
STRD                              00000003
STRSYNC                           00000004
SUSPND                            00000001
SWDTE                             00000000
SWDTEN                            00000000
SYNC                              00000004
T08BIT                            00000006
T0CKI                             00000005
T0CON                             00000FD5
MPASM  5.50                           N64.ASM   9-17-2013  18:43:28         PAGE 15


SYMBOL TABLE
  LABEL                             VALUE 

T0CS                              00000005
T0IE                              00000005
T0IF                              00000002
T0PS0                             00000000
T0PS1                             00000001
T0PS2                             00000002
T0SE                              00000004
T13CKI                            00000006
T1CKPS0                           00000004
T1CKPS1                           00000005
T1CON                             00000FCD
T1OSCEN                           00000003
T1OSCI                            00000006
T1OSCO                            00000007
T1RUN                             00000006
T1SYNC                            00000002
T2CKPS0                           00000000
T2CKPS1                           00000001
T2CON                             00000FCA
T2OUTPS0                          00000003
T2OUTPS1                          00000004
T2OUTPS2                          00000005
T2OUTPS3                          00000006
T3CCP1                            00000003
T3CKPS0                           00000004
T3CKPS1                           00000005
T3CON                             00000FB1
T3SYNC                            00000002
TABLAT                            00000FF5
TBLPTR                            00000FF6
TBLPTRH                           00000FF7
TBLPTRL                           00000FF6
TBLPTRU                           00000FF8
TMR0                              00000FD6
TMR0H                             00000FD7
TMR0IE                            00000005
TMR0IF                            00000002
TMR0IP                            00000002
TMR0L                             00000FD6
TMR0ON                            00000007
TMR1                              00000FCE
TMR1CS                            00000001
TMR1H                             00000FCF
TMR1IE                            00000000
TMR1IF                            00000000
TMR1IP                            00000000
TMR1L                             00000FCE
TMR1ON                            00000000
TMR2                              00000FCC
TMR2IE                            00000001
TMR2IF                            00000001
TMR2IP                            00000001
TMR2ON                            00000002
MPASM  5.50                           N64.ASM   9-17-2013  18:43:28         PAGE 16


SYMBOL TABLE
  LABEL                             VALUE 

TMR3                              00000FB2
TMR3CS                            00000001
TMR3H                             00000FB3
TMR3IE                            00000001
TMR3IF                            00000001
TMR3IP                            00000001
TMR3L                             00000FB2
TMR3ON                            00000000
TO                                00000003
TOS                               00000FFD
TOSH                              00000FFE
TOSL                              00000FFD
TOSU                              00000FFF
TRISA                             00000F92
TRISA4                            00000004
TRISA5                            00000005
TRISB                             00000F93
TRISB4                            00000004
TRISB5                            00000005
TRISB6                            00000006
TRISB7                            00000007
TRISC                             00000F94
TRISC0                            00000000
TRISC1                            00000001
TRISC2                            00000002
TRISC3                            00000003
TRISC4                            00000004
TRISC5                            00000005
TRISC6                            00000006
TRISC7                            00000007
TRMT                              00000001
TRNIE                             00000003
TRNIF                             00000003
TUN0                              00000000
TUN1                              00000001
TUN2                              00000002
TUN3                              00000003
TUN4                              00000004
TUN5                              00000005
TX                                00000007
TX9                               00000006
TX9D                              00000000
TXEN                              00000005
TXIE                              00000004
TXIF                              00000004
TXIP                              00000004
TXREG                             00000FAD
TXSTA                             00000FAC
UA                                00000001
UADDR                             00000F5C
UCFG                              00000F61
UCON                              00000F64
UEIE                              00000F5B
MPASM  5.50                           N64.ASM   9-17-2013  18:43:28         PAGE 17


SYMBOL TABLE
  LABEL                             VALUE 

UEIR                              00000F5F
UEP0                              00000F53
UEP1                              00000F54
UEP2                              00000F55
UEP3                              00000F56
UEP4                              00000F57
UEP5                              00000F58
UEP6                              00000F59
UEP7                              00000F5A
UERRIE                            00000001
UERRIF                            00000001
UFRMH                             00000F5E
UFRML                             00000F5D
UIE                               00000F60
UIR                               00000F62
UPUEN                             00000004
URSTIE                            00000000
URSTIF                            00000000
USBEN                             00000003
USBIE                             00000002
USBIF                             00000002
USBIP                             00000002
USTAT                             00000F63
UTEYE                             00000007
VREFCON0                          00000FBA
VREFCON1                          00000FBB
VREFCON2                          00000FBC
VREFM                             00000001
VREFP                             00000000
W                                 00000000
WCOL                              00000007
WDTCON                            00000FD1
WPUA                              00000F77
WPUA3                             00000003
WPUA4                             00000004
WPUA5                             00000005
WPUB                              00000F78
WPUB4                             00000004
WPUB5                             00000005
WPUB6                             00000006
WPUB7                             00000007
WR                                00000001
WREG                              00000FE8
WREN                              00000002
WRERR                             00000003
WUE                               00000001
Z                                 00000002
_BBSIZ_OFF_4L                     000000F7
_BBSIZ_ON_4L                      000000FF
_BOREN_NOSLP_2L                   000000FD
_BOREN_OFF_2L                     000000F9
_BOREN_ON_2L                      000000FB
_BOREN_SBORDIS_2L                 000000FF
MPASM  5.50                           N64.ASM   9-17-2013  18:43:28         PAGE 18


SYMBOL TABLE
  LABEL                             VALUE 

_BORV_19_2L                       000000FF
_BORV_22_2L                       000000F7
_BORV_27_2L                       000000EF
_BORV_30_2L                       000000E7
_CONFIG1H                         00300001
_CONFIG1L                         00300000
_CONFIG2H                         00300003
_CONFIG2L                         00300002
_CONFIG3H                         00300005
_CONFIG4L                         00300006
_CONFIG5H                         00300009
_CONFIG5L                         00300008
_CONFIG6H                         0030000B
_CONFIG6L                         0030000A
_CONFIG7H                         0030000D
_CONFIG7L                         0030000C
_CP0_OFF_5L                       000000FF
_CP0_ON_5L                        000000FE
_CP1_OFF_5L                       000000FF
_CP1_ON_5L                        000000FD
_CPB_OFF_5H                       000000FF
_CPB_ON_5H                        000000BF
_CPD_OFF_5H                       000000FF
_CPD_ON_5H                        0000007F
_CPUDIV_CLKDIV2_1L                000000EF
_CPUDIV_CLKDIV3_1L                000000F7
_CPUDIV_CLKDIV4_1L                000000FF
_CPUDIV_NOCLKDIV_1L               000000E7
_DEBUG_OFF_4L                     000000FF
_DEBUG_ON_4L                      0000007F
_DEVID1                           003FFFFE
_DEVID2                           003FFFFF
_EBTR0_OFF_7L                     000000FF
_EBTR0_ON_7L                      000000FE
_EBTR1_OFF_7L                     000000FF
_EBTR1_ON_7L                      000000FD
_EBTRB_OFF_7H                     000000FF
_EBTRB_ON_7H                      000000BF
_FCMEN_OFF_1H                     000000BF
_FCMEN_ON_1H                      000000FF
_FOSC_ECCLKOUTH_1H                000000F4
_FOSC_ECCLKOUTL_1H                000000FC
_FOSC_ECCLKOUTM_1H                000000FA
_FOSC_ECH_1H                      000000F5
_FOSC_ECL_1H                      000000FD
_FOSC_ECM_1H                      000000FB
_FOSC_ERCCLKOUT_1H                000000F3
_FOSC_ERC_1H                      000000F7
_FOSC_HS_1H                       000000F2
_FOSC_IRCCLKOUT_1H                000000F9
_FOSC_IRC_1H                      000000F8
_FOSC_LP_1H                       000000F0
_FOSC_XT_1H                       000000F1
MPASM  5.50                           N64.ASM   9-17-2013  18:43:28         PAGE 19


SYMBOL TABLE
  LABEL                             VALUE 

_HFOFST_OFF_3H                    000000F7
_HFOFST_ON_3H                     000000FF
_IDLOC0                           00200000
_IDLOC1                           00200001
_IDLOC2                           00200002
_IDLOC3                           00200003
_IDLOC4                           00200004
_IDLOC5                           00200005
_IDLOC6                           00200006
_IDLOC7                           00200007
_IESO_OFF_1H                      0000007F
_IESO_ON_1H                       000000FF
_LVP_OFF_4L                       000000FB
_LVP_ON_4L                        000000FF
_MCLRE_OFF_3H                     0000007F
_MCLRE_ON_3H                      000000FF
_PCLKEN_OFF_1H                    000000DF
_PCLKEN_ON_1H                     000000FF
_PLLEN_OFF_1H                     000000EF
_PLLEN_ON_1H                      000000FF
_PWRTEN_OFF_2L                    000000FF
_PWRTEN_ON_2L                     000000FE
_STVREN_OFF_4L                    000000FE
_STVREN_ON_4L                     000000FF
_USBDIV_OFF_1L                    000000DF
_USBDIV_ON_1L                     000000FF
_WDTEN_OFF_2H                     000000FE
_WDTEN_ON_2H                      000000FF
_WDTPS_1024_2H                    000000F5
_WDTPS_128_2H                     000000EF
_WDTPS_16384_2H                   000000FD
_WDTPS_16_2H                      000000E9
_WDTPS_1_2H                       000000E1
_WDTPS_2048_2H                    000000F7
_WDTPS_256_2H                     000000F1
_WDTPS_2_2H                       000000E3
_WDTPS_32768_2H                   000000FF
_WDTPS_32_2H                      000000EB
_WDTPS_4096_2H                    000000F9
_WDTPS_4_2H                       000000E5
_WDTPS_512_2H                     000000F3
_WDTPS_64_2H                      000000ED
_WDTPS_8192_2H                    000000FB
_WDTPS_8_2H                       000000E7
_WRT0_OFF_6L                      000000FF
_WRT0_ON_6L                       000000FE
_WRT1_OFF_6L                      000000FF
_WRT1_ON_6L                       000000FD
_WRTB_OFF_6H                      000000FF
_WRTB_ON_6H                       000000BF
_WRTC_OFF_6H                      000000FF
_WRTC_ON_6H                       000000DF
_WRTD_OFF_6H                      000000FF
MPASM  5.50                           N64.ASM   9-17-2013  18:43:28         PAGE 20


SYMBOL TABLE
  LABEL                             VALUE 

_WRTD_ON_6H                       0000007F
_XINST_OFF_4L                     000000BF
_XINST_ON_4L                      000000FF
__18F14K50                        00000001
controller_data                   00000000
controller_data_error             00000000
countHigh                         00000005
countLow                          00000004
d1                                00000000
d2                                00000001
d3                                00000002
d4                                00000003
delay                             000000C4
discardData                       000000BA
inner                             000000CC
nextBit                           00000096
one                               0000003C
oneloop                           0000005E
outer                             000000C8
readLoop                          0000007E
waitHigh                          0000007E
waitLow                           0000008A
waitLowLoop                       0000006E
zero                              00000018
zeroloop                          00000020

Errors   :     0
Warnings :    19 reported,     0 suppressed
Messages :     1 reported,     0 suppressed

